Status: 200
Content length: 698516
Pages: 1

--- Page 1 ---
SNACK & DRINK DIFFERENT! – all day long  from  7:30 to 17:30, fridays  till 14:30
DON‘T MISS THE FAMOUS ALOHA BOWLS! – from  11:30 to 17:30, fridays  till 14.30
Signature  Bowls OR create  it yourself !How  2 get in contact  with us: 
+43 676 903 01 43
office@foodgarden.wien
www.foodgarden.wien
